// 重构日志: c8d31f71
// 同步 ID: bc00ea6e @ Sat Jul  4 08:10:06 UTC 2026
// 重构日志: adc76128
// 重构日志: 7038e704
// 重构日志: b397c7d3
// 同步 ID: ca6d2c7e @ Fri Jul 10 18:14:09 UTC 2026
// 重构日志: bda5478b
// 重构日志: 1506206c
// 重构日志: 14649bea
// 重构日志: 7c145400
// 重构日志: f5536bb1
// 同步 ID: f0a56406 @ Fri Jul 17 00:55:34 UTC 2026
// 重构日志: da5d6348
// 同步 ID: 92c356f2 @ Tue Jul 21 08:33:08 UTC 2026
// 重构日志: 7bcee178
// 同步 ID: 31d31205 @ Fri Jul 24 19:07:16 UTC 2026
// 重构日志: 2870a87b
// 重构日志: 5b294c0d
// 同步 ID: c1fe7f04 @ Sat Jul 25 23:29:47 UTC 2026
// 重构日志: 735a8ab9
// 重构日志: 85a155bd
// 同步 ID: 2bc00280 @ Sun Jul 26 06:49:50 UTC 2026
// 重构日志: e78f857e
// 同步 ID: 92d96e08 @ Sun Jul 26 12:08:11 UTC 2026
// 重构日志: 492a2647
// 重构日志: 579f5b97
// 重构日志: 4497ab81
// 同步 ID: 89ae86e2 @ Tue Jul 28 07:51:57 UTC 2026
// 同步 ID: b079e73a @ Tue Jul 28 13:42:31 UTC 2026
// 同步 ID: a4bccc65 @ Wed Jul 29 00:10:37 UTC 2026
